[21:32:03] [main/INFO]: Loading Minecraft 1.20.1 with Fabric Loader 0.18.2
[21:32:04] [main/INFO]: Loading 60 mods:
	- architectury 9.2.14
	- bluemap 5.3
	- fabric-api 0.92.7+1.20.1
	   |-- fabric-api-base 0.4.32+1802ada577
	   |-- fabric-api-lookup-api-v1 1.6.37+1802ada577
	   |-- fabric-biome-api-v1 13.0.15+93aa238b77
	   |-- fabric-block-api-v1 1.0.12+1802ada577
	   |-- fabric-block-view-api-v2 1.0.3+924f046a77
	   |-- fabric-blockrenderlayer-v1 1.1.42+1802ada577
	   |-- fabric-client-tags-api-v1 1.1.3+1802ada577
	   |-- fabric-command-api-v1 1.2.35+f71b366f77
	   |-- fabric-command-api-v2 2.2.14+1802ada577
	   |-- fabric-commands-v0 0.2.52+df3654b377
	   |-- fabric-containers-v0 0.1.67+df3654b377
	   |-- fabric-content-registries-v0 4.0.13+1802ada577
	   |-- fabric-convention-tags-v1 1.5.6+1802ada577
	   |-- fabric-crash-report-info-v1 0.2.20+1802ada577
	   |-- fabric-data-attachment-api-v1 1.0.2+de0fd6d177
	   |-- fabric-data-generation-api-v1 12.3.7+1802ada577
	   |-- fabric-dimensions-v1 2.1.55+1802ada577
	   |-- fabric-entity-events-v1 1.6.1+1c78457f77
	   |-- fabric-events-interaction-v0 0.6.5+13a40c6677
	   |-- fabric-events-lifecycle-v0 0.2.64+df3654b377
	   |-- fabric-game-rule-api-v1 1.0.41+1802ada577
	   |-- fabric-item-api-v1 2.1.29+1802ada577
	   |-- fabric-item-group-api-v1 4.0.14+1802ada577
	   |-- fabric-key-binding-api-v1 1.0.38+1802ada577
	   |-- fabric-keybindings-v0 0.2.36+df3654b377
	   |-- fabric-lifecycle-events-v1 2.2.23+1802ada577
	   |-- fabric-loot-api-v2 1.2.3+1802ada577
	   |-- fabric-loot-tables-v1 1.1.47+9e7660c677
	   |-- fabric-message-api-v1 5.1.10+1802ada577
	   |-- fabric-mining-level-api-v1 2.1.52+1802ada577
	   |-- fabric-model-loading-api-v1 1.0.4+1802ada577
	   |-- fabric-models-v0 0.4.3+9386d8a777
	   |-- fabric-networking-api-v1 1.3.14+a158aa0477
	   |-- fabric-networking-v0 0.3.54+df3654b377
	   |-- fabric-object-builder-api-v1 11.1.5+e35120df77
	   |-- fabric-particles-v1 1.1.3+1802ada577
	   |-- fabric-recipe-api-v1 1.0.24+1802ada577
	   |-- fabric-registry-sync-v0 2.3.6+1802ada577
	   |-- fabric-renderer-api-v1 3.2.2+1802ada577
	   |-- fabric-renderer-indigo 1.5.3+85287f9f77
	   |-- fabric-renderer-registries-v1 3.2.47+df3654b377
	   |-- fabric-rendering-data-attachment-v1 0.3.39+92a0d36777
	   |-- fabric-rendering-fluids-v1 3.0.29+1802ada577
	   |-- fabric-rendering-v0 1.1.50+df3654b377
	   |-- fabric-rendering-v1 3.0.9+1802ada577
	   |-- fabric-resource-conditions-api-v1 2.3.9+1802ada577
	   |-- fabric-resource-loader-v0 0.11.12+fb82e9d777
	   |-- fabric-screen-api-v1 2.0.9+1802ada577
	   |-- fabric-screen-handler-api-v1 1.3.33+1802ada577
	   |-- fabric-sound-api-v1 1.0.14+1802ada577
	   |-- fabric-transfer-api-v1 3.3.6+8dd72ea377
	   \-- fabric-transitive-access-wideners-v1 4.3.2+1802ada577
	- fabricloader 0.18.2
	   \-- mixinextras 0.5.0
	- fabrictailor 2.1.2
	   |-- config2brigadier 1.2.3
	   \-- fabric-permissions-api-v0 0.2-SNAPSHOT
	- ferritecore 6.0.1
	- forgeconfigapiport 8.0.3
	- ftbbackups2 1.0.23
	- ftbessentials 2001.2.4
	- ftblibrary 2001.2.12
	- image2map 0.4.2+1.20
	   |-- map-canvas-api 0.2.2+1.19.4
	   \-- sgui 1.2.2+1.20
	- java 17
	- luckperms 5.4.102
	   \-- fabric-permissions-api-v0 0.2-SNAPSHOT
	- minecraft 1.20.1
	- starlight 1.1.2+fabric.dbc156f
	- treechop 0.19.0
[21:32:04] [main/WARN]: Found 1 non-fabric mod:
	- IllegalStack-2.9.12a.jar
[21:32:04] [main/INFO]: SpongePowered MIXIN Subsystem Version=0.8.7 Source=file:/workspaces/psychic-sniffle/servidor_minecraft/libraries/net/fabricmc/sponge-mixin/0.16.5+mixin.0.8.7/sponge-mixin-0.16.5+mixin.0.8.7.jar Service=Knot/Fabric Env=SERVER
[21:32:04] [main/INFO]: Compatibility level set to JAVA_16
[21:32:04] [main/INFO]: Compatibility level set to JAVA_17
[21:32:05] [main/INFO]: Initializing MixinExtras via com.llamalad7.mixinextras.service.MixinExtrasServiceImpl(version=0.5.0).
[21:32:11] [main/INFO]: Loaded C2B lib.
[21:32:11] [main/INFO]: Using default implementation for ThreadExecutor
[21:32:11] [main/INFO]: Initialized Scheduler Signaller of type: class net.creeperhost.ftbbackups.repack.org.quartz.core.SchedulerSignalerImpl
[21:32:11] [main/INFO]: Quartz Scheduler v.2.0.2 created.
[21:32:11] [main/INFO]: RAMJobStore initialized.
[21:32:11] [main/INFO]: Scheduler meta-data: Quartz Scheduler (v2.0.2) 'ftbbackups2' with instanceId 'NON_CLUSTERED'
  Scheduler class: 'net.creeperhost.ftbbackups.repack.org.quartz.core.QuartzScheduler' - running locally.
  NOT STARTED.
  Currently in standby mode.
  Number of jobs executed: 0
  Using thread pool 'net.creeperhost.ftbbackups.repack.org.quartz.simpl.SimpleThreadPool' - with 1 threads.
  Using job-store 'net.creeperhost.ftbbackups.repack.org.quartz.simpl.RAMJobStore' - which does not support persistence. and is not clustered.

[21:32:11] [main/INFO]: Quartz scheduler 'ftbbackups2' initialized from an externally provided properties instance.
[21:32:11] [main/INFO]: Quartz scheduler version: 2.0.2
[21:32:11] [main/INFO]: Scheduler ftbbackups2_$_NON_CLUSTERED started.
[21:32:11] [main/INFO]: Registering C2S receiver with id ftblibrary:edit_nbt_response
[21:32:12] [main/INFO]: Environment: authHost='https://authserver.mojang.com', accountsHost='https://api.mojang.com', sessionHost='https://sessionserver.mojang.com', servicesHost='https://api.minecraftservices.com', name='PROD'
[21:32:14] [main/INFO]: Loaded 7 recipes
[21:32:14] [main/INFO]: Loaded 1271 advancements
[21:32:15] [main/INFO]: Applied 0 biome modifications to 0 of 64 new biomes in 3.982 ms
[21:32:15] [Server thread/INFO]:         __    
[21:32:15] [Server thread/INFO]:   |    |__)   LuckPerms v5.4.102
[21:32:15] [Server thread/INFO]:   |___ |      Running on Fabric - fabric@0.92.7+1.20.1
[21:32:15] [Server thread/INFO]: 
[21:32:15] [Server thread/INFO]: Loading configuration...
[21:32:15] [Server thread/INFO]: Loading storage provider... [H2]
[21:32:16] [Server thread/INFO]: Loading internal permission managers...
[21:32:16] [Server thread/INFO]: Performing initial data load...
[21:32:16] [Server thread/INFO]: Successfully enabled. (took 786ms)
[21:32:16] [Server thread/INFO]: Starting minecraft server version 1.20.1
[21:32:16] [Server thread/INFO]: Loading properties
[21:32:16] [Server thread/INFO]: Default game type: SURVIVAL
[21:32:16] [Server thread/INFO]: Generating keypair
[21:32:16] [Server thread/INFO]: Starting Minecraft server on *:25565
[21:32:16] [Server thread/INFO]: Using epoll channel type
[21:32:16] [Server thread/WARN]: **** SERVER IS RUNNING IN OFFLINE/INSECURE MODE!
[21:32:16] [Server thread/WARN]: The server will make no attempt to authenticate usernames. Beware.
[21:32:16] [Server thread/WARN]: While this makes the game possible to play without internet access, it also opens up the ability for hackers to connect with any username they choose.
[21:32:16] [Server thread/WARN]: To change this, set "online-mode" to "true" in the server.properties file.
[21:32:16] [Server thread/INFO]: Preparing level "world"
[21:32:19] [Server thread/INFO]: Preparing start region for dimension minecraft:overworld
[21:32:21] [Worker-Main-2/INFO]: Preparing spawn area: 0%
[21:32:21] [Worker-Main-1/INFO]: Preparing spawn area: 0%
[21:32:21] [Worker-Main-1/INFO]: Preparing spawn area: 0%
[21:32:21] [Worker-Main-3/INFO]: Preparing spawn area: 0%
[21:32:21] [Worker-Main-2/INFO]: Preparing spawn area: 0%
[21:32:22] [Worker-Main-2/INFO]: Preparing spawn area: 0%
[21:32:22] [Worker-Main-3/INFO]: Preparing spawn area: 0%
[21:32:23] [Worker-Main-3/INFO]: Preparing spawn area: 0%
[21:32:23] [Worker-Main-1/INFO]: Preparing spawn area: 0%
[21:32:24] [Worker-Main-1/INFO]: Preparing spawn area: 0%
[21:32:24] [Worker-Main-3/INFO]: Preparing spawn area: 1%
[21:32:25] [Worker-Main-1/INFO]: Preparing spawn area: 24%
[21:32:25] [Worker-Main-3/INFO]: Preparing spawn area: 77%
[21:32:25] [Server thread/INFO]: Time elapsed: 6228 ms
[21:32:25] [Server thread/INFO]: Done (9.186s)! For help, type "help"
[21:32:25] [Server thread/INFO]: Created backup folder at /workspaces/psychic-sniffle/servidor_minecraft/backups
[21:32:25] [BlueMap-Plugin-Loading/INFO]: Loading BlueMap...
[21:32:26] [BlueMap-Plugin-Loading/WARN]: BlueMap is missing important resources!
[21:32:26] [BlueMap-Plugin-Loading/WARN]: You must accept the required file download in order for BlueMap to work!
[21:32:26] [BlueMap-Plugin-Loading/WARN]: Please check: /workspaces/psychic-sniffle/servidor_minecraft/config/bluemap/core.conf
[21:32:26] [BlueMap-Plugin-Loading/INFO]: If you have changed the config you can simply reload the plugin using: /bluemap reload
[21:32:59] [Server thread/INFO]: Narutouz201107[/127.97.130.171:54141] logged in with entity id 60 at (1999.9941755265406, 108.0301974276855, -2084.8051886333787)
[21:32:59] [Server thread/INFO]: Narutouz201107 joined the game
[21:33:02] [Server thread/WARN]: Can't keep up! Is the server overloaded? Running 2540ms or 50 ticks behind
[21:33:50] [Server thread/INFO]: Locating element minecraft:deep_ocean took 626 ms
[21:33:54] [Server thread/INFO]: [Narutouz201107: Teleported Narutouz201107 to 3531.500000, 84.000000, -1285.500000]
[21:33:57] [Server thread/WARN]: Can't keep up! Is the server overloaded? Running 2688ms or 53 ticks behind
[21:34:02] [Server thread/INFO]: [Narutouz201107: Set own game mode to Creative Mode]
[21:40:45] [Server thread/INFO]: [Narutouz201107: Set own game mode to Survival Mode]
[21:42:37] [Server thread/INFO]: Narutouz201107 lost connection: Disconnected
[21:42:37] [Server thread/INFO]: Narutouz201107 left the game
